<html>
<body>
<pre>
<h1>µVision Build Log</h1>
<h2>Tool Versions:</h2>
IDE-Version: ¦ÌVision V5.17.0.0
Copyright (C) 2015 ARM Ltd and ARM Germany GmbH. All rights reserved.
License Information: 111 Microsoft, Microsoft, LIC=JDA30-BDKXD-WKZB8-3M9Y7-RA7NI-WND50
 
Tool Versions:
Toolchain:       MDK-ARM Professional  Version: 5.17
Toolchain Path:  C:\Keil_v5\ARM\ARMCC\Bin
C Compiler:      Armcc.exe V5.06 update 1 (build 61)
Assembler:       Armasm.exe V5.06 update 1 (build 61)
Linker/Locator:  ArmLink.exe V5.06 update 1 (build 61)
Library Manager: ArmAr.exe V5.06 update 1 (build 61)
Hex Converter:   FromElf.exe V5.06 update 1 (build 61)
CPU DLL:         SARMCM3.DLL V5.17
Dialog DLL:      DCM.DLL V1.13.4.0
Target DLL:      Segger\JL2CM3.dll V2.99.16.0
Dialog DLL:      TCM.DLL V1.14.6.0
 
<h2>Project:</h2>
D:\work\electric design\Company\camera_related\program\STM32F429_AK4554_Driver\Project\Test.uvproj
Project File Date:  02/07/2017

<h2>Output:</h2>
*** Using Compiler 'V5.06 update 1 (build 61)', folder: 'C:\Keil_v5\ARM\ARMCC\Bin'
Build target 'Target 1'
compiling stm32f4_led.c...
..\User\led\stm32f4_led.c(41): warning:  #188-D: enumerated type mixed with another type
  	for(led_name=0;led_name<LED_ANZ;led_name++)
..\User\led\stm32f4_led.c: 1 warning, 0 errors
compiling main.c...
linking...
Program Size: Code=10858 RO-data=534 RW-data=84 ZI-data=1028  
FromELF: creating hex file...
".\Obj\Test.axf" - 0 Error(s), 1 Warning(s).
Build Time Elapsed:  00:00:01
</pre>
</body>
</html>
